error: Crypto functions are not supported on this system. Install pycrypto or pycryptodome
