Available tools:
    asset
    bundle
    cat
    config
    cp
    find
    groovy
    group
    help
    install_bash_completion
    ls
    mv
    package
    rm
    rmprop
    search
    setprop
    storage
    user
    workflow
